[   13080ms] [WARNING] Texture "%s" has no frame "%s" tank_sheet 1 @ webpack-internal:///(app-pages-browser)/./node_modules/phaser/dist/phaser.js:215878
[   13081ms] [WARNING] Texture "%s" has no frame "%s" tank_sheet 2 @ webpack-internal:///(app-pages-browser)/./node_modules/phaser/dist/phaser.js:215878
[   13081ms] [WARNING] Texture "%s" has no frame "%s" tank_sheet 3 @ webpack-internal:///(app-pages-browser)/./node_modules/phaser/dist/phaser.js:215878
[   13081ms] [WARNING] Texture "%s" has no frame "%s" tank_sheet 4 @ webpack-internal:///(app-pages-browser)/./node_modules/phaser/dist/phaser.js:215878
[   13081ms] [WARNING] Texture "%s" has no frame "%s" tank_sheet 5 @ webpack-internal:///(app-pages-browser)/./node_modules/phaser/dist/phaser.js:215878
[   13081ms] [WARNING] Texture "%s" has no frame "%s" tank_sheet 6 @ webpack-internal:///(app-pages-browser)/./node_modules/phaser/dist/phaser.js:215878
[   13081ms] [WARNING] Texture "%s" has no frame "%s" tank_sheet 7 @ webpack-internal:///(app-pages-browser)/./node_modules/phaser/dist/phaser.js:215878
[   13082ms] [WARNING] Texture "%s" has no frame "%s" rover_sheet 1 @ webpack-internal:///(app-pages-browser)/./node_modules/phaser/dist/phaser.js:215878
[   13082ms] [WARNING] Texture "%s" has no frame "%s" rover_sheet 2 @ webpack-internal:///(app-pages-browser)/./node_modules/phaser/dist/phaser.js:215878
[   13082ms] [WARNING] Texture "%s" has no frame "%s" rover_sheet 3 @ webpack-internal:///(app-pages-browser)/./node_modules/phaser/dist/phaser.js:215878
[   13082ms] [WARNING] Texture "%s" has no frame "%s" rover_sheet 4 @ webpack-internal:///(app-pages-browser)/./node_modules/phaser/dist/phaser.js:215878
[   13082ms] [WARNING] Texture "%s" has no frame "%s" rover_sheet 5 @ webpack-internal:///(app-pages-browser)/./node_modules/phaser/dist/phaser.js:215878
[   13082ms] [WARNING] Texture "%s" has no frame "%s" rover_sheet 6 @ webpack-internal:///(app-pages-browser)/./node_modules/phaser/dist/phaser.js:215878
[   13082ms] [WARNING] Texture "%s" has no frame "%s" rover_sheet 7 @ webpack-internal:///(app-pages-browser)/./node_modules/phaser/dist/phaser.js:215878
[   13082ms] [WARNING] Texture "%s" has no frame "%s" rover_sheet 8 @ webpack-internal:///(app-pages-browser)/./node_modules/phaser/dist/phaser.js:215878
[   13082ms] [WARNING] Texture "%s" has no frame "%s" rover_sheet 9 @ webpack-internal:///(app-pages-browser)/./node_modules/phaser/dist/phaser.js:215878
[   13083ms] [WARNING] Texture "%s" has no frame "%s" explosion_sheet 1 @ webpack-internal:///(app-pages-browser)/./node_modules/phaser/dist/phaser.js:215878
[   13083ms] [WARNING] Texture "%s" has no frame "%s" explosion_sheet 2 @ webpack-internal:///(app-pages-browser)/./node_modules/phaser/dist/phaser.js:215878
[   13083ms] [WARNING] Texture "%s" has no frame "%s" explosion_sheet 3 @ webpack-internal:///(app-pages-browser)/./node_modules/phaser/dist/phaser.js:215878
[   13083ms] [WARNING] Texture "%s" has no frame "%s" explosion_sheet 4 @ webpack-internal:///(app-pages-browser)/./node_modules/phaser/dist/phaser.js:215878
[   13083ms] [WARNING] Texture "%s" has no frame "%s" explosion_sheet 5 @ webpack-internal:///(app-pages-browser)/./node_modules/phaser/dist/phaser.js:215878
[   13083ms] [WARNING] Texture "%s" has no frame "%s" explosion_sheet 6 @ webpack-internal:///(app-pages-browser)/./node_modules/phaser/dist/phaser.js:215878
[   13084ms] [WARNING] Texture "%s" has no frame "%s" explosion_sheet 7 @ webpack-internal:///(app-pages-browser)/./node_modules/phaser/dist/phaser.js:215878
[   13084ms] [WARNING] Texture "%s" has no frame "%s" muzzle_flash_sheet 1 @ webpack-internal:///(app-pages-browser)/./node_modules/phaser/dist/phaser.js:215878
[   13084ms] [WARNING] Texture "%s" has no frame "%s" muzzle_flash_sheet 2 @ webpack-internal:///(app-pages-browser)/./node_modules/phaser/dist/phaser.js:215878
[   13084ms] [WARNING] Texture "%s" has no frame "%s" muzzle_flash_sheet 3 @ webpack-internal:///(app-pages-browser)/./node_modules/phaser/dist/phaser.js:215878
[   13085ms] [WARNING] Texture "%s" has no frame "%s" smoke_sheet 1 @ webpack-internal:///(app-pages-browser)/./node_modules/phaser/dist/phaser.js:215878
[   13085ms] [WARNING] Texture "%s" has no frame "%s" smoke_sheet 2 @ webpack-internal:///(app-pages-browser)/./node_modules/phaser/dist/phaser.js:215878
[   13085ms] [WARNING] Texture "%s" has no frame "%s" smoke_sheet 3 @ webpack-internal:///(app-pages-browser)/./node_modules/phaser/dist/phaser.js:215878
[   13085ms] [WARNING] Texture "%s" has no frame "%s" smoke_sheet 4 @ webpack-internal:///(app-pages-browser)/./node_modules/phaser/dist/phaser.js:215878
[   13085ms] [WARNING] Texture "%s" has no frame "%s" smoke_sheet 5 @ webpack-internal:///(app-pages-browser)/./node_modules/phaser/dist/phaser.js:215878
[   13091ms] [WARNING] [.WebGL-0x32bc0014e800]GL Driver Message (OpenGL, Performance, GL_CLOSE_PATH_NV, High): GPU stall due to ReadPixels @ http://localhost:3000/:0
[   13278ms] [WARNING] [.WebGL-0x32bc0014e800]GL Driver Message (OpenGL, Performance, GL_CLOSE_PATH_NV, High): GPU stall due to ReadPixels @ http://localhost:3000/:0
[   13380ms] [WARNING] [.WebGL-0x32bc0014e800]GL Driver Message (OpenGL, Performance, GL_CLOSE_PATH_NV, High): GPU stall due to ReadPixels @ http://localhost:3000/:0
[   13479ms] [WARNING] [.WebGL-0x32bc0014e800]GL Driver Message (OpenGL, Performance, GL_CLOSE_PATH_NV, High): GPU stall due to ReadPixels (this message will no longer repeat) @ http://localhost:3000/:0
